// Jest Snapshot v1, https://goo.gl/fbAQLP

exports[`<TextInput/ > should render corectly 1`] = `ShallowWrapper {}`;
