// Jest Snapshot v1, https://goo.gl/fbAQLP

exports[`<EventForm /> should render with given state from Redux store 1`] = `ShallowWrapper {}`;
