// Jest Snapshot v1, https://goo.gl/fbAQLP

exports[`<DatePicker /> should render corectly 1`] = `ShallowWrapper {}`;
