// Jest Snapshot v1, https://goo.gl/fbAQLP

exports[`<ValidatonMessage should render corectly 1`] = `ShallowWrapper {}`;
